Random seed: 42
Time limit: 1800 seconds
Reading input from domain-problem.psas.
- State has 48 bits divided into 48 mutex groups.
- Domain contains 122 actions.
- Domain contains 159 tasks.
- Domain contains 107 methods.
- The initial state contains 15 set bits.
- The initial task is "__top[]".
- State-based goal contains 0 bits.
- Instance is totally-ordered: yes
- Instance has unique paths: yes
- Instance is parallel sequences: yes
Calculate SCCs...
- Number of SCCs: 159
- The problem is cyclic
- Number of cyclic SCCs: 5
- Number of cyclic SCCs of size 1: 5
Selected Planning Algorithm: progression searchParsing heuristics ...
Number of specified heuristics: 1
Generate 3

RC Factory: CMA 1
- the option "store cuts" of the RC heuristic can only be used with the inner heuristic LM-Cut. It will be disabled.
- Calculating minimal implied distances and estimated costs (0 ms)
Heuristic #0 = hhRC2(ff;distance;correct count)
Search config:
 - type: greedy
 - weight: 1
 - suboptimal: true
Visited List configured
- mode: total order
- hashs to use: state task task-sequence
- memory information: topological ordering
- Visited list allows deletion of search nodes: true
Search Configuration
- Using JAIR 2020 progression algorithm
- Search is stopped after first solution is found.
- Greedy Search
Search Results
- Search time 0.005 seconds
- Visited list time 0.001155 seconds
- Visited list inserts 216
- Visited list pruned 19
- Visited list contains 197
- Visited list hash collisions 19
- Visited list used hash buckets 197
- Generated 745 search nodes
  Calculated heuristic for 562 nodes
  One modifications 90
  Effectless actions 93
- including 90 one modification actions
- including 0 one modification methods
- and       93 progressions of effectless actions
- Generated 112400 nodes per second
- Final fringe contains 73 nodes
- Status: Solved
- Found solution of length 139
- Total costs of actions: 37
==>
1 activate-sealing[curator1]
7 __method_precondition_m-transport-plain-nocool[drone1,art-beta-1,hall-beta,slot-d1a]
30 __method_precondition_m-goto-ground-step_split[curator1,entrance,tunnel]
31 move-via-tunnel[curator1,entrance,tunnel]
139 __method_precondition_m-goto-ground-step_split[curator1,tunnel,hall-alpha]
140 move-via-tunnel-to-beta[curator1,tunnel,hall-beta]
143 __method_precondition_m-goto-ground-step-beta_split[curator1,hall-beta,tunnel]
144 pickup-artifact[curator1,art-beta-1,hall-beta,slot-c1a]
152 __method_precondition_m-goto-ground-step-beta_split[curator1,hall-beta,tunnel]
153 move-via-tunnel-to-beta[curator1,hall-beta,tunnel]
178 __method_precondition_m-goto-ground-step_split[curator1,tunnel,hall-alpha]
179 move-via-tunnel[curator1,tunnel,stasis-lab]
225 __method_precondition_m-goto-ground-step_split[curator1,stasis-lab,tunnel]
226 putdown-artifact[curator1,art-beta-1,stasis-lab,slot-c1a]
276 __method_precondition_m-transport-fragile-plain[curator1,art-beta-2,pod1,anti-vibration-pods,hall-beta,slot-c1a]
290 __method_precondition_m-goto-ground-step_split[curator1,stasis-lab,tunnel]
291 move-via-tunnel[curator1,stasis-lab,tunnel]
302 __method_precondition_m-goto-ground-step_split[curator1,tunnel,hall-alpha]
303 move-via-tunnel[curator1,tunnel,anti-vibration-pods]
325 __method_precondition_m-goto-ground-step_split[curator1,anti-vibration-pods,tunnel]
326 pickup-pod[curator1,pod1,anti-vibration-pods,slot-c1b]
338 __method_precondition_m-goto-ground-step_split[curator1,anti-vibration-pods,tunnel]
339 move-via-tunnel[curator1,anti-vibration-pods,tunnel]
348 __method_precondition_m-goto-ground-step_split[curator1,tunnel,hall-alpha]
349 move-via-tunnel-to-beta[curator1,tunnel,hall-beta]
352 __method_precondition_m-goto-ground-step-beta_split[curator1,hall-beta,tunnel]
353 secure-in-pod[curator1,art-beta-2,pod1,hall-beta,slot-c1b]
371 __method_precondition_m-goto-ground-step-beta_split[curator1,hall-beta,tunnel]
372 move-via-tunnel-to-beta[curator1,hall-beta,tunnel]
383 __method_precondition_m-goto-ground-step_split[curator1,tunnel,hall-alpha]
384 move-via-tunnel[curator1,tunnel,stasis-lab]
400 __method_precondition_m-goto-ground-step_split[curator1,stasis-lab,tunnel]
401 unload-from-pod[curator1,art-beta-2,pod1,stasis-lab,slot-c1b]
409 __method_precondition_m-transport-plain-cool[curator1,art-alpha-1,hall-alpha,slot-c1a]
423 __method_precondition_m-goto-ground-step_split[curator1,stasis-lab,tunnel]
424 move-via-tunnel[curator1,stasis-lab,tunnel]
430 __method_precondition_m-goto-ground-step_split[curator1,tunnel,hall-alpha]
431 move-via-tunnel[curator1,tunnel,hall-alpha]
483 __method_precondition_m-goto-ground-step_split[curator1,hall-alpha,tunnel]
484 pickup-artifact[curator1,art-alpha-1,hall-alpha,slot-c1a]
485 cool[curator1,art-alpha-1,slot-c1a]
498 __method_precondition_m-goto-ground-step_split[curator1,hall-alpha,tunnel]
499 move-via-tunnel[curator1,hall-alpha,tunnel]
565 __method_precondition_m-goto-ground-step_split[curator1,tunnel,hall-alpha]
566 move-via-tunnel[curator1,tunnel,cryo-chamber]
576 __method_precondition_m-goto-arrived[curator1,cryo-chamber]
577 putdown-artifact[curator1,art-alpha-1,cryo-chamber,slot-c1a]
586 __method_precondition_m-transport-fragile-cool[curator1,art-alpha-2,pod2,anti-vibration-pods,hall-alpha,slot-c1a]
598 __method_precondition_m-goto-arrived[curator1,cryo-chamber]
599 move-via-tunnel[curator1,cryo-chamber,tunnel]
609 __method_precondition_m-goto-ground-step_split[curator1,tunnel,hall-alpha]
610 move-via-tunnel[curator1,tunnel,anti-vibration-pods]
629 __method_precondition_m-goto-ground-step_split[curator1,anti-vibration-pods,tunnel]
630 pickup-pod[curator1,pod2,anti-vibration-pods,slot-c1a]
642 __method_precondition_m-goto-ground-step_split[curator1,anti-vibration-pods,tunnel]
643 move-via-tunnel[curator1,anti-vibration-pods,tunnel]
652 __method_precondition_m-goto-ground-step_split[curator1,tunnel,hall-alpha]
653 move-via-tunnel[curator1,tunnel,hall-alpha]
675 __method_precondition_m-goto-ground-step_split[curator1,hall-alpha,tunnel]
676 secure-in-pod[curator1,art-alpha-2,pod2,hall-alpha,slot-c1a]
677 cool-in-pod[curator1,art-alpha-2,pod2,slot-c1a]
690 __method_precondition_m-goto-ground-step_split[curator1,hall-alpha,tunnel]
691 move-via-tunnel[curator1,hall-alpha,tunnel]
708 __method_precondition_m-goto-ground-step_split[curator1,tunnel,hall-alpha]
709 move-via-tunnel[curator1,tunnel,cryo-chamber]
719 __method_precondition_m-goto-arrived[curator1,cryo-chamber]
720 unload-from-pod[curator1,art-alpha-2,pod2,cryo-chamber,slot-c1a]
726 __method_precondition_m-transport-plain-nocool[curator1,core-sample-1,cryo-chamber,slot-c1b]
730 __method_precondition_m-goto-fly[drone1,entrance,cryo-chamber]
731 fly[drone1,entrance,cryo-chamber]
732 pickup-artifact[drone1,core-sample-1,cryo-chamber,slot-d1a]
741 __method_precondition_m-goto-arrived[drone1,cryo-chamber]
742 fly[drone1,cryo-chamber,stasis-lab]
743 putdown-artifact[drone1,core-sample-1,stasis-lab,slot-d1a]
root 0
740 t-goto[drone1,stasis-lab] -> m-goto-fly 741 742
729 t-goto[drone1,cryo-chamber] -> m-goto-fly 730 731
725 m-transport-plain-nocool_splitted_9[drone1,core-sample-1,slot-d1a] -> _splitting_method_m-transport-plain-nocool_splitted_9 726 729 732
724 m-handle-plain_splitted_4[core-sample-1,stasis-lab] -> <_splitting_method_m-handle-plain_splitted_4;t-transport-plain[drone1,core-sample-1,stasis-lab];m-transport-plain-nocool;0;-1,-2,-3> 725 740 743
718 t-goto[curator1,cryo-chamber] -> m-goto-arrived 719
707 m-goto-ground-step_splitted_1[curator1] -> _splitting_method_m-goto-ground-step_splitted_1 708 709
696 t-goto[curator1,cryo-chamber] -> m-goto-ground-step 707 718
689 m-goto-ground-step_splitted_1[curator1] -> _splitting_method_m-goto-ground-step_splitted_1 690 691
681 t-goto[curator1,cryo-chamber] -> m-goto-ground-step 689 696
674 t-goto[curator1,hall-alpha] -> m-goto-arrived 675
651 m-goto-ground-step_splitted_1[curator1] -> _splitting_method_m-goto-ground-step_splitted_1 652 653
649 t-goto[curator1,hall-alpha] -> m-goto-ground-step 651 674
641 m-goto-ground-step_splitted_1[curator1] -> _splitting_method_m-goto-ground-step_splitted_1 642 643
634 t-goto[curator1,hall-alpha] -> m-goto-ground-step 641 649
628 t-goto[curator1,anti-vibration-pods] -> m-goto-arrived 629
608 m-goto-ground-step_splitted_1[curator1] -> _splitting_method_m-goto-ground-step_splitted_1 609 610
603 t-goto[curator1,anti-vibration-pods] -> m-goto-ground-step 608 628
597 m-goto-ground-step_splitted_1[curator1] -> _splitting_method_m-goto-ground-step_splitted_1 598 599
588 t-goto[curator1,anti-vibration-pods] -> m-goto-ground-step 597 603
585 m-transport-fragile-cool_splitted_10[curator1,art-alpha-2,pod2,slot-c1a] -> <_splitting_method_m-transport-fragile-cool_splitted_10;m-transport-fragile-cool_splitted_6[curator1,pod2,slot-c1a,art-alpha-2,hall-alpha];_splitting_method_m-transport-fragile-cool_splitted_6;0;-1,-2,-3,1,2> 586 588 630 634 676
580 t-transport-fragile[curator1,art-alpha-2,cryo-chamber] -> m-transport-fragile-cool 585 677 681 720
575 t-goto[curator1,cryo-chamber] -> m-goto-arrived 576
564 m-goto-ground-step_splitted_1[curator1] -> _splitting_method_m-goto-ground-step_splitted_1 565 566
504 t-goto[curator1,cryo-chamber] -> m-goto-ground-step 564 575
497 m-goto-ground-step_splitted_1[curator1] -> _splitting_method_m-goto-ground-step_splitted_1 498 499
489 t-goto[curator1,cryo-chamber] -> m-goto-ground-step 497 504
482 t-goto[curator1,hall-alpha] -> m-goto-arrived 483
429 m-goto-ground-step_splitted_1[curator1] -> _splitting_method_m-goto-ground-step_splitted_1 430 431
427 t-goto[curator1,hall-alpha] -> m-goto-ground-step 429 482
422 m-goto-ground-step_splitted_1[curator1] -> _splitting_method_m-goto-ground-step_splitted_1 423 424
412 t-goto[curator1,hall-alpha] -> m-goto-ground-step 422 427
408 m-transport-plain-cool_splitted_8[curator1,art-alpha-1,slot-c1a] -> _splitting_method_m-transport-plain-cool_splitted_8 409 412 484
406 t-transport-plain[curator1,art-alpha-1,cryo-chamber] -> m-transport-plain-cool 408 485 489 577
404 m-handle-alpha-only_splitted_3[art-alpha-1,cryo-chamber] -> _splitting_method_m-handle-alpha-only_splitted_3 406
399 t-goto[curator1,stasis-lab] -> m-goto-arrived 400
382 m-goto-ground-step_splitted_1[curator1] -> _splitting_method_m-goto-ground-step_splitted_1 383 384
374 t-goto[curator1,stasis-lab] -> m-goto-ground-step 382 399
370 m-goto-ground-step-beta_splitted_2[curator1] -> _splitting_method_m-goto-ground-step-beta_splitted_2 371 372
358 t-goto[curator1,stasis-lab] -> m-goto-ground-step-beta 370 374
351 t-goto[curator1,hall-beta] -> m-goto-arrived 352
347 m-goto-ground-step-beta_splitted_2[curator1] -> _splitting_method_m-goto-ground-step-beta_splitted_2 348 349
346 t-goto[curator1,hall-beta] -> m-goto-ground-step-beta 347 351
337 m-goto-ground-step_splitted_1[curator1] -> _splitting_method_m-goto-ground-step_splitted_1 338 339
330 t-goto[curator1,hall-beta] -> m-goto-ground-step 337 346
324 t-goto[curator1,anti-vibration-pods] -> m-goto-arrived 325
301 m-goto-ground-step_splitted_1[curator1] -> _splitting_method_m-goto-ground-step_splitted_1 302 303
294 t-goto[curator1,anti-vibration-pods] -> m-goto-ground-step 301 324
289 m-goto-ground-step_splitted_1[curator1] -> _splitting_method_m-goto-ground-step_splitted_1 290 291
279 t-goto[curator1,anti-vibration-pods] -> m-goto-ground-step 289 294
275 m-transport-fragile-plain_splitted_11[curator1,art-beta-2,pod1,slot-c1b] -> <_splitting_method_m-transport-fragile-plain_splitted_11;m-transport-fragile-plain_splitted_7[curator1,pod1,slot-c1b,art-beta-2,hall-beta];_splitting_method_m-transport-fragile-plain_splitted_7;0;-1,-2,-3,1,2> 276 279 326 330 353
231 t-transport-fragile[curator1,art-beta-2,stasis-lab] -> m-transport-fragile-plain 275 358 401
224 t-goto[curator1,stasis-lab] -> m-goto-arrived 225
177 m-goto-ground-step_splitted_1[curator1] -> _splitting_method_m-goto-ground-step_splitted_1 178 179
155 t-goto[curator1,stasis-lab] -> m-goto-ground-step 177 224
151 m-goto-ground-step-beta_splitted_2[curator1] -> _splitting_method_m-goto-ground-step-beta_splitted_2 152 153
149 t-goto[curator1,stasis-lab] -> m-goto-ground-step-beta 151 155
142 t-goto[curator1,hall-beta] -> m-goto-arrived 143
138 m-goto-ground-step-beta_splitted_2[curator1] -> _splitting_method_m-goto-ground-step-beta_splitted_2 139 140
34 t-goto[curator1,hall-beta] -> m-goto-ground-step-beta 138 142
29 m-goto-ground-step_splitted_1[curator1] -> _splitting_method_m-goto-ground-step_splitted_1 30 31
10 t-goto[curator1,hall-beta] -> m-goto-ground-step 29 34
6 m-transport-plain-nocool_splitted_9[curator1,art-beta-1,slot-c1a] -> _splitting_method_m-transport-plain-nocool_splitted_9 7 10 144
5 t-transport-plain[curator1,art-beta-1,stasis-lab] -> m-transport-plain-nocool 6 149 226
3 m-handle-plain_splitted_4[art-beta-1,stasis-lab] -> _splitting_method_m-handle-plain_splitted_4 5
0 __top[] -> <<<<<<<__top_method;t-mission[];m-mission;0;-1,-2,-3,-4,-5,-6>;t-handle-artifact[core-sample-1];m-handle-plain;5;0,1,2,3,4,-1>;t-handle-artifact[art-alpha-2];m-handle-alpha-fragile;4;0,1,2,3,-1,5>;t-handle-artifact[art-alpha-1];m-handle-alpha-only;3;0,1,2,-1,4,5>;t-handle-artifact[art-beta-2];m-handle-fragile-only;2;0,1,-1,3,4,5>;t-handle-artifact[art-beta-1];m-handle-plain;1;0,-1,2,3,4,5>;m-mission_splitted_5[];_splitting_method_m-mission_splitted_5;0;-1,1,2,3,4,5> 1 3 231 404 580 724
<==
